<html>
<body>
<pre>
<h1>礦ision Build Log</h1>
<h2>Tool Versions:</h2>
IDE-Version: μVision V5.35.0.0
Copyright (C) 2021 ARM Ltd and ARM Germany GmbH. All rights reserved.
License Information: 00 Administrator, 00, LIC=S5ISZ-J1BVT-YD0K5-GDCZG-8YHSJ-66V6R
 
Tool Versions:
Toolchain:       MDK-ARM Professional  Version: 5.35.0.2
Toolchain Path:  D:\Keil_v5\ARM\ARMCC\Bin
C Compiler:      Armcc.exe V5.06 update 7 (build 960)
Assembler:       Armasm.exe V5.06 update 7 (build 960)
Linker/Locator:  ArmLink.exe V5.06 update 7 (build 960)
Library Manager: ArmAr.exe V5.06 update 7 (build 960)
Hex Converter:   FromElf.exe V5.06 update 7 (build 960)
CPU DLL:         SARMCM3.DLL V5.35.0.2
Dialog DLL:      DARMCM1.DLL V1.19.4.0
Target DLL:      CMSIS_AGDI.dll V1.33.0.0
Dialog DLL:      TARMCM1.DLL V1.14.4.0
 
<h2>Project:</h2>
E:\Home\开源项目\TableLampController\Software\Hk32-Slave\USER\Project.uvprojx
Project File Date:  10/28/2023

<h2>Output:</h2>
*** Using Compiler 'V5.06 update 7 (build 960)', folder: 'D:\Keil_v5\ARM\ARMCC\Bin'
Build target 'Target 1'
compiling drv_pwm.c...
compiling hk32f030m_it.c...
compiling system_process.c...
compiling drv_usart.c...
compiling modulator.c...
compiling charge_detection.c...
compiling sys_power.c...
compiling drv_gpio.c...
compiling main.c...
compiling drv_adc.c...
compiling drv_systick.c...
compiling hk32f030m_awu.c...
compiling hk32f030m_adc.c...
compiling hk32f030m_crc.c...
compiling hk32f030m_beep.c...
compiling hk32f030m_exti.c...
compiling hk32f030m_dbgmcu.c...
compiling hk32f030m_flash.c...
compiling hk32f030m_misc.c...
compiling hk32f030m_gpio.c...
compiling hk32f030m_iwdg.c...
compiling hk32f030m_i2c.c...
compiling hk32f030m_pwr.c...
compiling hk32f030m_rcc.c...
assembling KEIL_Startup_hk32f030m.s...
compiling hk32f030m_spi.c...
compiling hk32f030m_syscfg.c...
compiling hk32f030m_usart.c...
compiling hk32f030m_wwdg.c...
compiling hk32f030m_tim.c...
compiling system_hk32f030m.c...
compiling sys_blink.c...
compiling sys_keyinput.c...
compiling sys_ringbuffer.c...
compiling sys_task.c...
compiling sys_time.c...
linking...
Program Size: Code=6896 RO-data=264 RW-data=40 ZI-data=1464  
".\Objects\Project.axf" - 0 Error(s), 0 Warning(s).

<h2>Software Packages used:</h2>

Package Vendor: HKMicroChip
                http://www.hsxp-hk.com/companyfile/2/HKMicroChip.HK32F030xMxx_DFP.1.0.17.pack
                HKMicroChip.HK32F030xMxx_DFP.1.0.17
                HKMicroChip HK32F030xMxx ARM Cortex-M0 Device Family Pack Device Support

<h2>Collection of Component include folders:</h2>

<h2>Collection of Component Files used:</h2>
Build Time Elapsed:  00:00:01
</pre>
</body>
</html>
